// Jest Snapshot v1, https://goo.gl/fbAQLP

exports[`Should render Not found page correctly 1`] = `
<div>
  404! 
  <Link
    replace={false}
    to="/dashboard"
  >
    Go Home
  </Link>
</div>
`;
